// Jest Snapshot v1, https://goo.gl/fbAQLP

exports[`Testing [[93mhome[39m] template Should render and match snapshot 1`] = `"<!DOCTYPE html><html lang=\\"en\\"><head><meta charset=\\"UTF-8\\"><title>Portfolio website (golden grid canon) boilerplate</title><meta name=\\"description\\" content=\\"Example portfolio website made using postcss and pug, could also be used as a boilerplate\\"><meta http-equiv=\\"X-UA-Compatible\\" content=\\"ie=edge\\"><meta name=\\"viewport\\" content=\\"width=device-width, initial-scale=1.0, shrink-to-fit=no\\"><meta name=\\"theme-color\\" content=\\"#ffffff\\"><meta http-equiv=\\"Content-Security-Policy\\" content=\\"font-src 'self' 'unsafe-inline' 'unsafe-eval' https://fonts.gstatic.com;\\"><meta http-equiv=\\"Content-Security-Policy\\" content=\\"script-src 'self' 'unsafe-inline' 'unsafe-eval' http://www.google.com https://fonts.googleapis.com;\\"><meta http-equiv=\\"Content-Security-Policy\\" content=\\"style-src 'self' 'unsafe-inline' 'unsafe-eval' https://fonts.googleapis.com;\\"><!-- Microsoft --><meta name=\\"msapplication-TileColor\\" content=\\"#ffffff\\"><meta name=\\"msapplication-TileImage\\" content=\\"./favicon-144x144.png\\"><!-- Apple --><link rel=\\"apple-touch-icon\\" sizes=\\"180x180\\" href=\\"./favicon-180x180.png\\"><link rel=\\"preconnect\\" href=\\"https://fonts.gstatic.com/\\" crossorigin><link rel=\\"manifest\\" href=\\"./manifest.json\\"><link rel=\\"icon\\" type=\\"image/png\\" href=\\"./favicon-32x32.png\\" sizes=\\"32x32\\"><link rel=\\"icon\\" type=\\"image/png\\" href=\\"./favicon-16x16.png\\" sizes=\\"16x16\\"><link href=\\"favicon.ico\\" rel=\\"shortcut icon\\" type=\\"image/x-icon\\"><base href=\\"/\\"></head><body><aside class=\\"is-hidden\\" id=\\"sidebar\\"><section class=\\"sidebar-content\\"><nav class=\\"menu\\"><ul class=\\"menu-inner\\"><li class=\\"menu-item\\"><a class=\\"menu-link\\" href=\\"/index.html\\">Home</a></li><li class=\\"menu-item\\"><a class=\\"menu-link\\" href=\\"/profile.html\\">Profile</a></li><li class=\\"menu-item\\"><a class=\\"menu-link\\" href=\\"/contact.html\\">Contact</a></li><li class=\\"menu-item\\"><a class=\\"menu-link\\" href=\\"/client.html\\">Client</a></li><li class=\\"menu-item\\"><a class=\\"menu-link\\" href=\\"/news.html\\">News</a></li><li class=\\"menu-item\\"><a class=\\"menu-link\\" href=\\"/single-blog.html\\">Single Blog</a></li><li class=\\"menu-item\\"><a class=\\"menu-link\\" href=\\"/about.html\\">About</a></li></ul></nav></section><section id=\\"sidebar-mask\\"></section></aside></body><noscript><p>You need to enable JavaScript to run this app.</p></noscript></html>"`;
